// Jest Snapshot v1, https://goo.gl/fbAQLP

exports[`@carbon/pictograms-react should not update exports without a semver change 1`] = `
Array [
  "ActiveServer",
  "Advocate",
  "Agriculture",
  "AirConditioner",
  "Airplane",
  "Alarm",
  "AlchemyDataNews",
  "AlchemyLanguage",
  "AlchemyLanguageAlphabetAExpanded",
  "AlchemyVision",
  "Americas",
  "AmsterdamCanal",
  "AmsterdamFarm",
  "AmsterdamWindmill",
  "Analyze",
  "AnalyzesData",
  "Apartment",
  "Api",
  "AppDeveloper",
  "Apple",
  "Application",
  "Archive",
  "AsiaAustralia",
  "AugmentedReality",
  "Austin",
  "AutomateModularManagement",
  "Automobile",
  "Bag",
  "Bangalore",
  "Bee",
  "BeijingMunicipal",
  "BeijingTower",
  "BerlinBrandenburg",
  "BerlinBrandenburgGate",
  "BerlinCathedral",
  "BerlinTower",
  "Bicycle",
  "Blockchain",
  "BoxPlot",
  "Build",
  "Building",
  "Bulldozer",
  "Bus",
  "Cafe",
  "Calendar",
  "CalendarDate",
  "CalendarEvent",
  "Camera",
  "Capitol",
  "Care",
  "Cell",
  "ChartArea",
  "ChartBar",
  "ChartBubble",
  "ChartBubbleLine",
  "ChartCandlestick",
  "ChartErrorBar",
  "ChartEvaluation",
  "ChartHighLow",
  "ChartHistogram",
  "ChartLine",
  "ChartMultiLine",
  "ChartParallel",
  "ChartRadar",
  "ChartRiver",
  "ChartScatterplot",
  "ChartTSne",
  "Chart_3D",
  "Cherries",
  "ChipCircuit",
  "ChipCredit",
  "ChipDebit",
  "CirclePacking",
  "CloudAnalytics",
  "CloudAssets",
  "CloudBuilderProfessionalServices",
  "CloudComputing",
  "CloudDataServices",
  "CloudDownload",
  "CloudEcosystem",
  "CloudGuidelines",
  "CloudManagedServices",
  "CloudOracle",
  "CloudPartners",
  "CloudPlanning",
  "CloudSap",
  "CloudServices",
  "CloudServicesPricing",
  "CloudStorage",
  "CloudStrategy",
  "CloudTutorials",
  "CloudUpload",
  "CloudVmware",
  "Cloudy",
  "CloudyDewy",
  "CloudyHazy",
  "CloudyHumid",
  "CloudyPartial",
  "CloudyWindy",
  "CoatHanger",
  "CognosAnalytics",
  "College",
  "ConceptExpansion",
  "ConceptInsights",
  "Connect",
  "Console",
  "ConsoleWireless",
  "Construct",
  "Conversation",
  "CopenhagenPlanetarium",
  "CopenhagenSnekkja",
  "CreditCard",
  "Crop",
  "CustomerService",
  "DataBackup",
  "DataInsights",
  "DataProcessing",
  "DataStorage",
  "Delete",
  "DeliverInsights",
  "DeliveryTruck",
  "DesignAndDevelopment_01",
  "DesignAndDevelopment_02",
  "Desktop",
  "Devops",
  "Dialogue",
  "Digital",
  "Dining",
  "Dna",
  "DoNot",
  "Docker",
  "Doctor",
  "DocumentConversion",
  "DoorHandle",
  "Download",
  "DownloadAlt",
  "DubaiPalmIslands",
  "DubaiSkyscraper",
  "DublinBrewery",
  "DublinCastle",
  "DuplicateFile",
  "Education",
  "Electric",
  "ElectricCharge",
  "Elevator",
  "Embed",
  "Engine",
  "EnterpriseDesignThinking",
  "EnterpriseDesignThinkingAlt",
  "Envelope",
  "ErlenmeyerFlask",
  "EscalatorDown",
  "EscalatorUp",
  "EuropeAfrica",
  "ExpandHorz",
  "ExpandUser",
  "ExpandVert",
  "Export",
  "ExportAlt",
  "Eye",
  "FaceDissatisfied",
  "FaceNeutral",
  "FaceSatisfied",
  "FaceVeryDissatisfied",
  "FaceVerySatisfied",
  "Factory",
  "Farm",
  "Faucet",
  "Feedback",
  "FileBackup",
  "FileTransfer",
  "FinancialConsultant",
  "FinancialGain",
  "FinancialNews",
  "FireAlarm",
  "FireExtinguisher",
  "Firewall",
  "FlowChart",
  "FlowChartDetail",
  "Fog",
  "Folder",
  "Forklift",
  "FreeTrial",
  "Fuel",
  "Gear",
  "GlobalBusinessServices",
  "GlobalFinanceEuro",
  "GlobalFinanceSterling",
  "GlobalNetwork",
  "GlobalTechnologyServices",
  "Globe",
  "GlobeLocations",
  "Group",
  "Hail",
  "HailHeavy",
  "HailMixed",
  "Handicap",
  "HandicapActive",
  "HardDrive",
  "HardDriveNetwork",
  "HardIceCream",
  "Hazy",
  "Headphones",
  "Heart",
  "HeartHealth",
  "HeatMap",
  "HeatMap_02",
  "HighFive",
  "HomeFront",
  "HomeGarage",
  "HomeProfile",
  "Hospital",
  "Humid",
  "Hurricane",
  "HybridCloud",
  "HybridCloudServices",
  "IbmIx",
  "IbmZ",
  "Icon",
  "Idea",
  "Ideate",
  "Innovate",
  "Integration",
  "Intelligence",
  "Intercom",
  "IotMunich",
  "Java",
  "Javascript",
  "Justice",
  "KeyUsers",
  "KnowsDarkData",
  "Language",
  "LanguageTranslation",
  "LanguageTranslationAlphabetAExpanded",
  "Language_01",
  "Language_02",
  "Language_03",
  "Language_04",
  "Launch",
  "Lightning",
  "ListBullet",
  "ListCheckbox",
  "Location",
  "Lock",
  "LockAlt",
  "LockedNetwork",
  "LockedNetworkAlt",
  "London",
  "LondonBigBen",
  "LondonExpandedBase",
  "Lungs",
  "MachineLearning_01",
  "MachineLearning_02",
  "MachineLearning_03",
  "MachineLearning_04",
  "MachineLearning_05",
  "MachineLearning_06",
  "MadridCathedral",
  "MadridSkyscrapers",
  "MadridStatue",
  "Magnify",
  "Marketplace",
  "Mas",
  "MathCurve",
  "Maximize",
  "Medical",
  "MedicalCharts",
  "MedicalStaff",
  "Melbourne",
  "Meter",
  "MexicoCityAngelOfIndependence",
  "MexicoCityMuseoSoumaya",
  "Microorganisms",
  "Microscope",
  "MilanDuomoDiMilano",
  "MilanSkyscrapers",
  "Minimize",
  "MobileAdd",
  "MobileChat",
  "MobileDevices",
  "MobilePhone",
  "MortarAndPestle",
  "Moscow",
  "Mqa",
  "Multitask",
  "Munich",
  "NaturalLanguageClassifier",
  "Network",
  "NetworkServices",
  "Networking_01",
  "Networking_02",
  "Networking_03",
  "Networking_04",
  "Networking_05",
  "Nice",
  "NightClear",
  "NycBrooklyn",
  "NycManhattan",
  "NycManhattanAlt",
  "Office",
  "OilPump",
  "OilRig",
  "Overcast",
  "PaperClip",
  "Parliament",
  "PartnerRelationship",
  "Path",
  "Pattern",
  "Perfume",
  "Person_01",
  "Person_02",
  "Person_03",
  "Person_04",
  "Person_05",
  "Person_06",
  "Person_07",
  "Person_08",
  "Person_09",
  "PersonalityInsights",
  "PetriCulture",
  "PillBottle_01",
  "Pills",
  "Podcast",
  "Police",
  "PopulationDiagram",
  "Power",
  "Presentation",
  "Presenter",
  "Price",
  "Printer",
  "PrivateNetwork",
  "PrivateNetworkAlt",
  "PrivateNetworkAlt_01",
  "PrivateNetwork_01",
  "Progress",
  "Puzzle",
  "QQPlot",
  "Question",
  "QuestionAndAnswer",
  "Rainy",
  "RainyHeavy",
  "Rank",
  "Receipt",
  "Recycle",
  "Refinery",
  "Refresh",
  "RelationshipDiagram",
  "RelationshipExtraction",
  "Renew",
  "RenewTeam",
  "Repeat",
  "Report",
  "Reset",
  "ResetHybridCloud",
  "ResetSettings",
  "RetrieveAndRank",
  "RichTextFormat",
  "Robot",
  "Robotics",
  "Rome",
  "SaasEnablement",
  "SanFrancisco",
  "SanFranciscoFog",
  "SaoPaulo",
  "SaoPauloExpandedBase",
  "Satellite",
  "SatelliteDish",
  "Scale",
  "ScatterMatrix",
  "Seattle",
  "SecureData",
  "SecureProfile",
  "Security",
  "SecurityShield",
  "ServerRack",
  "Servers",
  "Shop",
  "ShoppingCart",
  "Shower",
  "Singapore",
  "SingleSignOn",
  "Slider",
  "Sneaker",
  "Snow",
  "SoftIceCream",
  "SoftlayerEnablement",
  "Solve",
  "Spaceship",
  "Speech",
  "SpeechAlphabetAExpanded",
  "SpeechToText",
  "Speedometer",
  "StairsPlanView",
  "StationaryBicycle",
  "Steel",
  "SteeringWheel",
  "Stethoscope",
  "Strategy",
  "StrategyDirect",
  "StrategyMove",
  "StrategyPlay",
  "Streamline",
  "Sunny",
  "SunnyHazy",
  "SupportServices",
  "SwipeLeft",
  "SwipeRight",
  "Tags",
  "Target",
  "TargetArea",
  "TelAviv",
  "Telecom",
  "Telephone",
  "Television",
  "TemperatureHigh",
  "TemperatureLow",
  "Tennis",
  "TestTubes",
  "TextToSpeech",
  "Time",
  "TimeLapse",
  "Toggle",
  "TokyoCherryBlossom",
  "TokyoGates",
  "TokyoTemple",
  "TokyoVolcano",
  "ToneAnalyzer",
  "Tools",
  "Tornado",
  "Toronto",
  "Touch",
  "TouchGesture",
  "TouchId",
  "TouchScreen",
  "TouchSwipe",
  "Tractor",
  "TradeoffAnalytics",
  "Train",
  "Transform",
  "Trash",
  "TreeDiagram",
  "TreeMap",
  "University",
  "Unlock",
  "UnlockAlt",
  "Upload",
  "UploadAlt",
  "UserAnalytics",
  "UserInsights",
  "UserSearch",
  "Vancouver",
  "Video",
  "VideoAlt",
  "VideoChat",
  "VideoPlay",
  "Virus",
  "Vision",
  "VisualInsights",
  "VisualRecognition",
  "Warning",
  "WarningAlt",
  "Washer",
  "WashingtonDc",
  "WashingtonDcCapitol",
  "WashingtonDcMonument",
  "WatsonAvatar",
  "Weather",
  "WebDeveloper",
  "Webcast",
  "Wheat",
  "Wifi",
  "WindPower",
  "Windows",
  "Windy",
  "Wine",
  "WirelessHome",
  "WirelessModem",
  "WordCloud",
  "WreckingBall",
  "Yoga_01",
  "Yoga_02",
  "Yoga_03",
  "Yoga_04",
]
`;
